Flow report for LHCF_LOGIC_MAIN
Wed Jun 10 00:03:19 2015
Quartus II Version 11.0 Build 208 07/03/2011 Service Pack 1 SJ Web Edition


---------------------
; Table of Contents ;
---------------------
  1. Legal Notice
  2. Flow Summary
  3. Flow Settings
  4. Flow Non-Default Global Settings
  5. Flow Elapsed Time
  6. Flow OS Summary
  7. Flow Log



----------------
; Legal Notice ;
----------------
Copyright (C) 1991-2011 Altera Corporation
Your use of Altera Corporation's design tools, logic functions 
and other software and tools, and its AMPP partner logic 
functions, and any output files from any of the foregoing 
(including device programming or simulation files), and any 
associated documentation or information are expressly subject 
to the terms and conditions of the Altera Program License 
Subscription Agreement, Altera MegaCore Function License 
Agreement, or other applicable license agreement, including, 
without limitation, that your use is for the sole purpose of 
programming logic devices manufactured by Altera and sold by 
Altera or its authorized distributors.  Please refer to the 
applicable agreement for further details.



+-----------------------------------------------------------------------+
; Flow Summary                                                          ;
+-----------------------+-----------------------------------------------+
; Flow Status           ; Successful - Wed Jun 10 00:03:19 2015         ;
; Quartus II Version    ; 11.0 Build 208 07/03/2011 SP 1 SJ Web Edition ;
; Revision Name         ; LHCF_LOGIC_MAIN                               ;
; Top-level Entity Name ; LHCF_LOGIC_MAIN                               ;
; Family                ; Cyclone                                       ;
; Device                ; EP1C20F400C6                                  ;
; Timing Models         ; Final                                         ;
; Total logic elements  ; 18,197 / 20,060 ( 91 % )                      ;
; Total pins            ; 259 / 301 ( 86 % )                            ;
; Total virtual pins    ; 0                                             ;
; Total memory bits     ; 8,228 / 294,912 ( 3 % )                       ;
; Total PLLs            ; 1 / 2 ( 50 % )                                ;
+-----------------------+-----------------------------------------------+


+-----------------------------------------+
; Flow Settings                           ;
+-------------------+---------------------+
; Option            ; Setting             ;
+-------------------+---------------------+
; Start date & time ; 06/09/2015 23:57:42 ;
; Main task         ; Compilation         ;
; Revision Name     ; LHCF_LOGIC_MAIN     ;
+-------------------+---------------------+


+-------------------------------------------------------------------------------------------------------------------+
; Flow Non-Default Global Settings                                                                                  ;
+-------------------------------------+------------------------------+---------------+-------------+----------------+
; Assignment Name                     ; Value                        ; Default Value ; Entity Name ; Section Id     ;
+-------------------------------------+------------------------------+---------------+-------------+----------------+
; COMPILER_SIGNATURE_ID               ; 121368637859.143388706103080 ; --            ; --          ; --             ;
; EDA_OUTPUT_DATA_FORMAT              ; Vhdl                         ; --            ; --          ; eda_simulation ;
; EDA_SIMULATION_TOOL                 ; ModelSim-Altera (VHDL)       ; <None>        ; --          ; --             ;
; IP_TOOL_NAME                        ; RAM: 2-PORT                  ; --            ; --          ; --             ;
; IP_TOOL_NAME                        ; ALTPLL                       ; --            ; --          ; --             ;
; IP_TOOL_VERSION                     ; 10.1                         ; --            ; --          ; --             ;
; IP_TOOL_VERSION                     ; 11.0                         ; --            ; --          ; --             ;
; MISC_FILE                           ; ../SRC/RAM_DPORT_A6D32.cmp   ; --            ; --          ; --             ;
; MISC_FILE                           ; ../SRC/PLL.cmp               ; --            ; --          ; --             ;
; MISC_FILE                           ; ../SRC/PLL.ppf               ; --            ; --          ; --             ;
; PARTITION_COLOR                     ; 16764057                     ; --            ; --          ; Top            ;
; PARTITION_FITTER_PRESERVATION_LEVEL ; PLACEMENT_AND_ROUTING        ; --            ; --          ; Top            ;
; PARTITION_NETLIST_TYPE              ; SOURCE                       ; --            ; --          ; Top            ;
+-------------------------------------+------------------------------+---------------+-------------+----------------+


+-------------------------------------------------------------------------------------------------------------------------------+
; Flow Elapsed Time                                                                                                             ;
+---------------------------+--------------+-------------------------+---------------------+------------------------------------+
; Module Name               ; Elapsed Time ; Average Processors Used ; Peak Virtual Memory ; Total CPU Time (on all processors) ;
+---------------------------+--------------+-------------------------+---------------------+------------------------------------+
; Analysis & Synthesis      ; 00:01:40     ; 1.0                     ; 351 MB              ; 00:01:38                           ;
; Fitter                    ; 00:03:29     ; 1.0                     ; 461 MB              ; 00:03:25                           ;
; Assembler                 ; 00:00:05     ; 1.0                     ; 294 MB              ; 00:00:02                           ;
; TimeQuest Timing Analyzer ; 00:00:10     ; 1.0                     ; 331 MB              ; 00:00:06                           ;
; EDA Netlist Writer        ; 00:00:09     ; 1.0                     ; 267 MB              ; 00:00:09                           ;
; Total                     ; 00:05:33     ; --                      ; --                  ; 00:05:20                           ;
+---------------------------+--------------+-------------------------+---------------------+------------------------------------+


+----------------------------------------------------------------------------------------+
; Flow OS Summary                                                                        ;
+---------------------------+------------------+-----------+------------+----------------+
; Module Name               ; Machine Hostname ; OS Name   ; OS Version ; Processor type ;
+---------------------------+------------------+-----------+------------+----------------+
; Analysis & Synthesis      ; ZHOUQIDONG182E   ; Windows 7 ; 6.1        ; i686           ;
; Fitter                    ; ZHOUQIDONG182E   ; Windows 7 ; 6.1        ; i686           ;
; Assembler                 ; ZHOUQIDONG182E   ; Windows 7 ; 6.1        ; i686           ;
; TimeQuest Timing Analyzer ; ZHOUQIDONG182E   ; Windows 7 ; 6.1        ; i686           ;
; EDA Netlist Writer        ; ZHOUQIDONG182E   ; Windows 7 ; 6.1        ; i686           ;
+---------------------------+------------------+-----------+------------+----------------+


------------
; Flow Log ;
------------
quartus_map --read_settings_files=on --write_settings_files=off LHCF_LOGIC_MAIN -c LHCF_LOGIC_MAIN
quartus_fit --read_settings_files=off --write_settings_files=off LHCF_LOGIC_MAIN -c LHCF_LOGIC_MAIN
quartus_asm --read_settings_files=off --write_settings_files=off LHCF_LOGIC_MAIN -c LHCF_LOGIC_MAIN
quartus_sta LHCF_LOGIC_MAIN -c LHCF_LOGIC_MAIN
quartus_eda --read_settings_files=off --write_settings_files=off LHCF_LOGIC_MAIN -c LHCF_LOGIC_MAIN



